// Jest Snapshot v1, https://goo.gl/fbAQLP

exports[`add() in main.js should match the snapshot 1`] = `3`;
